// Jest Snapshot v1, https://goo.gl/fbAQLP

exports[`<Text> component Renders h1 tag 1`] = `
.c0 {
  color: #333;
  font-family: monospace;
}

<div>
  <h1
    class="c0"
  >
    Sample Text
  </h1>
</div>
`;
